Component: ARM Compiler 5.06 update 6 (build 750) Tool: armlink [4d35ed]

==============================================================================

Section Cross References

    main.o(i.SystemClock_Config) refers to stm32f1xx_ll_utils.o(i.LL_SetSystemCoreClock) for LL_SetSystemCoreClock
    main.o(i.main) refers to main.o(i.SystemClock_Config) for SystemClock_Config
    main.o(i.main) refers to rxfm.o(i.Teleco_init) for Teleco_init
    main.o(i.main) refers to moteurplateau.o(i.Init_Moteur) for Init_Moteur
    main.o(i.main) refers to rxfm.o(i.getLength) for getLength
    main.o(i.main) refers to girouette.o(i.GetAngle) for GetAngle
    main.o(i.main) refers to servo.o(i.setSailAngle) for setSailAngle
    chrono.o(i.Chrono_Conf) refers to chrono.o(.data) for Chrono_Time
    chrono.o(i.Chrono_Read) refers to chrono.o(.data) for Chrono_Time
    chrono.o(i.Chrono_Reset) refers to chrono.o(.data) for Chrono_Time
    chrono.o(i.Chrono_Task_10ms) refers to chrono.o(.data) for Chrono_Time
    girouette.o(i.initGirouette) refers to stm32f1xx_ll_tim.o(i.LL_TIM_ENCODER_Init) for LL_TIM_ENCODER_Init
    girouette.o(i.initGirouette) refers to girouette.o(i.LL_GPIO_SetPinMode) for LL_GPIO_SetPinMode
    moteurplateau.o(i.Init_Moteur) refers to mytimer.o(i.MyPWM_output_Conf) for MyPWM_output_Conf
    moteurplateau.o(i.Init_Moteur) refers to mygpio.o(i.MyGPIO_PWMOutputConf) for MyGPIO_PWMOutputConf
    moteurplateau.o(i.Init_Moteur) refers to mygpio.o(i.MyGPIO_SensConf) for MyGPIO_SensConf
    servo.o(i.initServo) refers to stm32f1xx_ll_tim.o(i.LL_TIM_Init) for LL_TIM_Init
    servo.o(i.initServo) refers to stm32f1xx_ll_tim.o(i.LL_TIM_OC_StructInit) for LL_TIM_OC_StructInit
    servo.o(i.initServo) refers to stm32f1xx_ll_tim.o(i.LL_TIM_OC_Init) for LL_TIM_OC_Init
    servo.o(i.setSailAngle) refers to fflti.o(.text) for __aeabi_i2f
    servo.o(i.setSailAngle) refers to fmul.o(.text) for __aeabi_fmul
    servo.o(i.setSailAngle) refers to fadd.o(.text) for __aeabi_fadd
    servo.o(i.setSailAngle) refers to ffixi.o(.text) for __aeabi_f2iz
    rxfm.o(i.Teleco_init) refers to mytimer.o(i.MyPWM_input_Conf) for MyPWM_input_Conf
    rxfm.o(i.Teleco_init) refers to mygpio.o(i.MyGPIO_PWMInputConf) for MyGPIO_PWMInputConf
    mytimer.o(i.LL_TIM_OC_SetMode) refers to mytimer.o(.constdata) for OFFSET_TAB_CCMRx
    mytimer.o(i.MyPWM_input_Conf) refers to mytimer.o(i.MyTimer_Conf) for MyTimer_Conf
    mytimer.o(i.MyPWM_output_Conf) refers to mytimer.o(i.MyTimer_Conf) for MyTimer_Conf
    mytimer.o(i.MyPWM_output_Conf) refers to mytimer.o(i.LL_TIM_OC_SetMode) for LL_TIM_OC_SetMode
    mytimer.o(i.MyTimer_Conf) refers to mytimer.o(i.LL_APB1_GRP1_EnableClock) for LL_APB1_GRP1_EnableClock
    mytimer.o(i.MyTimer_Conf) refers to stm32f1xx_ll_tim.o(i.LL_TIM_Init) for LL_TIM_Init
    mytimer.o(i.MyTimer_Conf) refers to mytimer.o(i.LL_TIM_DisableIT_UPDATE) for LL_TIM_DisableIT_UPDATE
    mytimer.o(i.MyTimer_Conf) refers to mytimer.o(i.LL_TIM_DisableCounter) for LL_TIM_DisableCounter
    mytimer.o(i.MyTimer_IT_Conf) refers to mytimer.o(i.LL_TIM_DisableIT_UPDATE) for LL_TIM_DisableIT_UPDATE
    mytimer.o(i.MyTimer_IT_Conf) refers to mytimer.o(.data) for Ptr_ItFct_TIM1
    mytimer.o(i.MyTimer_IT_Disable) refers to mytimer.o(i.LL_TIM_DisableIT_UPDATE) for LL_TIM_DisableIT_UPDATE
    mytimer.o(i.MyTimer_Stop) refers to mytimer.o(i.LL_TIM_DisableCounter) for LL_TIM_DisableCounter
    mytimer.o(i.TIM1_UP_IRQHandler) refers to mytimer.o(i.LL_TIM_ClearFlag_UPDATE) for LL_TIM_ClearFlag_UPDATE
    mytimer.o(i.TIM1_UP_IRQHandler) refers to mytimer.o(.data) for Ptr_ItFct_TIM1
    mytimer.o(i.TIM2_IRQHandler) refers to mytimer.o(i.LL_TIM_ClearFlag_UPDATE) for LL_TIM_ClearFlag_UPDATE
    mytimer.o(i.TIM2_IRQHandler) refers to mytimer.o(.data) for Ptr_ItFct_TIM2
    mytimer.o(i.TIM3_IRQHandler) refers to mytimer.o(i.LL_TIM_ClearFlag_UPDATE) for LL_TIM_ClearFlag_UPDATE
    mytimer.o(i.TIM3_IRQHandler) refers to mytimer.o(.data) for Ptr_ItFct_TIM3
    mytimer.o(i.TIM4_IRQHandler) refers to mytimer.o(i.LL_TIM_ClearFlag_UPDATE) for LL_TIM_ClearFlag_UPDATE
    mytimer.o(i.TIM4_IRQHandler) refers to mytimer.o(.data) for Ptr_ItFct_TIM4
    myadc.o(i.MyADC_Conf) refers to stm32f1xx_ll_adc.o(i.LL_ADC_Init) for LL_ADC_Init
    mygpio.o(i.MyGPIO_PWMInputConf) refers to stm32f1xx_ll_gpio.o(i.LL_GPIO_Init) for LL_GPIO_Init
    mygpio.o(i.MyGPIO_PWMOutputConf) refers to stm32f1xx_ll_gpio.o(i.LL_GPIO_Init) for LL_GPIO_Init
    mygpio.o(i.MyGPIO_SensConf) refers to stm32f1xx_ll_gpio.o(i.LL_GPIO_Init) for LL_GPIO_Init
    stm32f1xx_ll_rcc.o(i.LL_RCC_DeInit) refers to stm32f1xx_ll_rcc.o(i.LL_RCC_PLL_IsReady) for LL_RCC_PLL_IsReady
    stm32f1xx_ll_rcc.o(i.LL_RCC_GetADCClockFreq) refers to stm32f1xx_ll_rcc.o(i.RCC_GetSystemClockFreq) for RCC_GetSystemClockFreq
    stm32f1xx_ll_rcc.o(i.LL_RCC_GetADCClockFreq) refers to stm32f1xx_ll_rcc.o(i.RCC_GetHCLKClockFreq) for RCC_GetHCLKClockFreq
    stm32f1xx_ll_rcc.o(i.LL_RCC_GetADCClockFreq) refers to stm32f1xx_ll_rcc.o(i.RCC_GetPCLK2ClockFreq) for RCC_GetPCLK2ClockFreq
    stm32f1xx_ll_rcc.o(i.LL_RCC_GetSystemClocksFreq) refers to stm32f1xx_ll_rcc.o(i.RCC_GetSystemClockFreq) for RCC_GetSystemClockFreq
    stm32f1xx_ll_rcc.o(i.LL_RCC_GetSystemClocksFreq) refers to stm32f1xx_ll_rcc.o(i.RCC_GetHCLKClockFreq) for RCC_GetHCLKClockFreq
    stm32f1xx_ll_rcc.o(i.LL_RCC_GetSystemClocksFreq) refers to stm32f1xx_ll_rcc.o(i.RCC_GetPCLK1ClockFreq) for RCC_GetPCLK1ClockFreq
    stm32f1xx_ll_rcc.o(i.LL_RCC_GetSystemClocksFreq) refers to stm32f1xx_ll_rcc.o(i.RCC_GetPCLK2ClockFreq) for RCC_GetPCLK2ClockFreq
    stm32f1xx_ll_rcc.o(i.LL_RCC_GetUSBClockFreq) refers to stm32f1xx_ll_rcc.o(i.LL_RCC_PLL_IsReady) for LL_RCC_PLL_IsReady
    stm32f1xx_ll_rcc.o(i.LL_RCC_GetUSBClockFreq) refers to stm32f1xx_ll_rcc.o(i.RCC_PLL_GetFreqDomain_SYS) for RCC_PLL_GetFreqDomain_SYS
    stm32f1xx_ll_rcc.o(i.RCC_GetHCLKClockFreq) refers to system_stm32f1xx.o(.constdata) for AHBPrescTable
    stm32f1xx_ll_rcc.o(i.RCC_GetPCLK1ClockFreq) refers to system_stm32f1xx.o(.constdata) for APBPrescTable
    stm32f1xx_ll_rcc.o(i.RCC_GetPCLK2ClockFreq) refers to system_stm32f1xx.o(.constdata) for APBPrescTable
    stm32f1xx_ll_rcc.o(i.RCC_GetSystemClockFreq) refers to stm32f1xx_ll_rcc.o(i.RCC_PLL_GetFreqDomain_SYS) for RCC_PLL_GetFreqDomain_SYS
    stm32f1xx_ll_utils.o(i.LL_PLL_ConfigSystemClock_HSE) refers to stm32f1xx_ll_utils.o(i.UTILS_PLL_IsBusy) for UTILS_PLL_IsBusy
    stm32f1xx_ll_utils.o(i.LL_PLL_ConfigSystemClock_HSE) refers to stm32f1xx_ll_utils.o(i.UTILS_GetPLLOutputFrequency) for UTILS_GetPLLOutputFrequency
    stm32f1xx_ll_utils.o(i.LL_PLL_ConfigSystemClock_HSE) refers to stm32f1xx_ll_utils.o(i.LL_RCC_HSE_IsReady) for LL_RCC_HSE_IsReady
    stm32f1xx_ll_utils.o(i.LL_PLL_ConfigSystemClock_HSE) refers to stm32f1xx_ll_utils.o(i.LL_RCC_PLL_ConfigDomain_SYS) for LL_RCC_PLL_ConfigDomain_SYS
    stm32f1xx_ll_utils.o(i.LL_PLL_ConfigSystemClock_HSE) refers to stm32f1xx_ll_utils.o(i.UTILS_EnablePLLAndSwitchSystem) for UTILS_EnablePLLAndSwitchSystem
    stm32f1xx_ll_utils.o(i.LL_PLL_ConfigSystemClock_HSI) refers to stm32f1xx_ll_utils.o(i.UTILS_PLL_IsBusy) for UTILS_PLL_IsBusy
    stm32f1xx_ll_utils.o(i.LL_PLL_ConfigSystemClock_HSI) refers to stm32f1xx_ll_utils.o(i.UTILS_GetPLLOutputFrequency) for UTILS_GetPLLOutputFrequency
    stm32f1xx_ll_utils.o(i.LL_PLL_ConfigSystemClock_HSI) refers to stm32f1xx_ll_utils.o(i.LL_RCC_HSI_IsReady) for LL_RCC_HSI_IsReady
    stm32f1xx_ll_utils.o(i.LL_PLL_ConfigSystemClock_HSI) refers to stm32f1xx_ll_utils.o(i.LL_RCC_PLL_ConfigDomain_SYS) for LL_RCC_PLL_ConfigDomain_SYS
    stm32f1xx_ll_utils.o(i.LL_PLL_ConfigSystemClock_HSI) refers to stm32f1xx_ll_utils.o(i.UTILS_EnablePLLAndSwitchSystem) for UTILS_EnablePLLAndSwitchSystem
    stm32f1xx_ll_utils.o(i.LL_SetSystemCoreClock) refers to system_stm32f1xx.o(.data) for SystemCoreClock
    stm32f1xx_ll_utils.o(i.UTILS_EnablePLLAndSwitchSystem) refers to stm32f1xx_ll_utils.o(i.UTILS_SetFlashLatency) for UTILS_SetFlashLatency
    stm32f1xx_ll_utils.o(i.UTILS_EnablePLLAndSwitchSystem) refers to stm32f1xx_ll_utils.o(i.LL_RCC_PLL_IsReady) for LL_RCC_PLL_IsReady
    stm32f1xx_ll_utils.o(i.UTILS_EnablePLLAndSwitchSystem) refers to stm32f1xx_ll_utils.o(i.LL_SetSystemCoreClock) for LL_SetSystemCoreClock
    stm32f1xx_ll_utils.o(i.UTILS_EnablePLLAndSwitchSystem) refers to system_stm32f1xx.o(.constdata) for AHBPrescTable
    stm32f1xx_ll_utils.o(i.UTILS_EnablePLLAndSwitchSystem) refers to system_stm32f1xx.o(.data) for SystemCoreClock
    stm32f1xx_ll_utils.o(i.UTILS_PLL_IsBusy) refers to stm32f1xx_ll_utils.o(i.LL_RCC_PLL_IsReady) for LL_RCC_PLL_IsReady
    stm32f1xx_ll_adc.o(i.LL_ADC_CommonInit) refers to stm32f1xx_ll_adc.o(i.LL_ADC_IsEnabled) for LL_ADC_IsEnabled
    stm32f1xx_ll_adc.o(i.LL_ADC_DeInit) refers to stm32f1xx_ll_adc.o(i.LL_ADC_IsEnabled) for LL_ADC_IsEnabled
    stm32f1xx_ll_adc.o(i.LL_ADC_INJ_Init) refers to stm32f1xx_ll_adc.o(i.LL_ADC_IsEnabled) for LL_ADC_IsEnabled
    stm32f1xx_ll_adc.o(i.LL_ADC_Init) refers to stm32f1xx_ll_adc.o(i.LL_ADC_IsEnabled) for LL_ADC_IsEnabled
    stm32f1xx_ll_adc.o(i.LL_ADC_REG_Init) refers to stm32f1xx_ll_adc.o(i.LL_ADC_IsEnabled) for LL_ADC_IsEnabled
    stm32f1xx_ll_dma.o(i.LL_DMA_Init) refers to stm32f1xx_ll_dma.o(.constdata) for CHANNEL_OFFSET_TAB
    stm32f1xx_ll_exti.o(i.LL_EXTI_Init) refers to stm32f1xx_ll_exti.o(i.LL_EXTI_DisableEvent_0_31) for LL_EXTI_DisableEvent_0_31
    stm32f1xx_ll_exti.o(i.LL_EXTI_Init) refers to stm32f1xx_ll_exti.o(i.LL_EXTI_EnableIT_0_31) for LL_EXTI_EnableIT_0_31
    stm32f1xx_ll_exti.o(i.LL_EXTI_Init) refers to stm32f1xx_ll_exti.o(i.LL_EXTI_DisableIT_0_31) for LL_EXTI_DisableIT_0_31
    stm32f1xx_ll_exti.o(i.LL_EXTI_Init) refers to stm32f1xx_ll_exti.o(i.LL_EXTI_EnableEvent_0_31) for LL_EXTI_EnableEvent_0_31
    stm32f1xx_ll_exti.o(i.LL_EXTI_Init) refers to stm32f1xx_ll_exti.o(i.LL_EXTI_EnableRisingTrig_0_31) for LL_EXTI_EnableRisingTrig_0_31
    stm32f1xx_ll_exti.o(i.LL_EXTI_Init) refers to stm32f1xx_ll_exti.o(i.LL_EXTI_EnableFallingTrig_0_31) for LL_EXTI_EnableFallingTrig_0_31
    stm32f1xx_ll_gpio.o(i.LL_GPIO_DeInit) refers to stm32f1xx_ll_gpio.o(i.LL_APB2_GRP1_ForceReset) for LL_APB2_GRP1_ForceReset
    stm32f1xx_ll_gpio.o(i.LL_GPIO_DeInit) refers to stm32f1xx_ll_gpio.o(i.LL_APB2_GRP1_ReleaseReset) for LL_APB2_GRP1_ReleaseReset
    stm32f1xx_ll_i2c.o(i.LL_I2C_DeInit) refers to stm32f1xx_ll_i2c.o(i.LL_APB1_GRP1_ForceReset) for LL_APB1_GRP1_ForceReset
    stm32f1xx_ll_i2c.o(i.LL_I2C_DeInit) refers to stm32f1xx_ll_i2c.o(i.LL_APB1_GRP1_ReleaseReset) for LL_APB1_GRP1_ReleaseReset
    stm32f1xx_ll_i2c.o(i.LL_I2C_Init) refers to stm32f1xx_ll_rcc.o(i.LL_RCC_GetSystemClocksFreq) for LL_RCC_GetSystemClocksFreq
    stm32f1xx_ll_i2c.o(i.LL_I2C_Init) refers to stm32f1xx_ll_i2c.o(i.LL_I2C_ConfigSpeed) for LL_I2C_ConfigSpeed
    stm32f1xx_ll_rtc.o(i.LL_RTC_ALARM_Init) refers to stm32f1xx_ll_rtc.o(i.LL_RTC_EnterInitMode) for LL_RTC_EnterInitMode
    stm32f1xx_ll_rtc.o(i.LL_RTC_ALARM_Init) refers to stm32f1xx_ll_rtc.o(i.LL_RTC_ALARM_Set) for LL_RTC_ALARM_Set
    stm32f1xx_ll_rtc.o(i.LL_RTC_ALARM_Init) refers to stm32f1xx_ll_rtc.o(i.LL_RTC_ExitInitMode) for LL_RTC_ExitInitMode
    stm32f1xx_ll_rtc.o(i.LL_RTC_ALARM_SetCounter) refers to stm32f1xx_ll_rtc.o(i.LL_RTC_EnterInitMode) for LL_RTC_EnterInitMode
    stm32f1xx_ll_rtc.o(i.LL_RTC_ALARM_SetCounter) refers to stm32f1xx_ll_rtc.o(i.LL_RTC_ALARM_Set) for LL_RTC_ALARM_Set
    stm32f1xx_ll_rtc.o(i.LL_RTC_ALARM_SetCounter) refers to stm32f1xx_ll_rtc.o(i.LL_RTC_ExitInitMode) for LL_RTC_ExitInitMode
    stm32f1xx_ll_rtc.o(i.LL_RTC_DeInit) refers to stm32f1xx_ll_rtc.o(i.LL_RTC_DisableWriteProtection) for LL_RTC_DisableWriteProtection
    stm32f1xx_ll_rtc.o(i.LL_RTC_DeInit) refers to stm32f1xx_ll_rtc.o(i.LL_RTC_EnterInitMode) for LL_RTC_EnterInitMode
    stm32f1xx_ll_rtc.o(i.LL_RTC_DeInit) refers to stm32f1xx_ll_rtc.o(i.LL_RTC_ExitInitMode) for LL_RTC_ExitInitMode
    stm32f1xx_ll_rtc.o(i.LL_RTC_DeInit) refers to stm32f1xx_ll_rtc.o(i.LL_RTC_WaitForSynchro) for LL_RTC_WaitForSynchro
    stm32f1xx_ll_rtc.o(i.LL_RTC_DeInit) refers to stm32f1xx_ll_rtc.o(i.LL_RTC_ClearFlag_RS) for LL_RTC_ClearFlag_RS
    stm32f1xx_ll_rtc.o(i.LL_RTC_DeInit) refers to stm32f1xx_ll_rtc.o(i.LL_RTC_EnableWriteProtection) for LL_RTC_EnableWriteProtection
    stm32f1xx_ll_rtc.o(i.LL_RTC_EnterInitMode) refers to stm32f1xx_ll_rtc.o(i.LL_RTC_IsActiveFlag_RTOF) for LL_RTC_IsActiveFlag_RTOF
    stm32f1xx_ll_rtc.o(i.LL_RTC_EnterInitMode) refers to stm32f1xx_ll_rtc.o(i.LL_SYSTICK_IsActiveCounterFlag) for LL_SYSTICK_IsActiveCounterFlag
    stm32f1xx_ll_rtc.o(i.LL_RTC_EnterInitMode) refers to stm32f1xx_ll_rtc.o(i.LL_RTC_DisableWriteProtection) for LL_RTC_DisableWriteProtection
    stm32f1xx_ll_rtc.o(i.LL_RTC_ExitInitMode) refers to stm32f1xx_ll_rtc.o(i.LL_RTC_EnableWriteProtection) for LL_RTC_EnableWriteProtection
    stm32f1xx_ll_rtc.o(i.LL_RTC_ExitInitMode) refers to stm32f1xx_ll_rtc.o(i.LL_RTC_IsActiveFlag_RTOF) for LL_RTC_IsActiveFlag_RTOF
    stm32f1xx_ll_rtc.o(i.LL_RTC_ExitInitMode) refers to stm32f1xx_ll_rtc.o(i.LL_SYSTICK_IsActiveCounterFlag) for LL_SYSTICK_IsActiveCounterFlag
    stm32f1xx_ll_rtc.o(i.LL_RTC_Init) refers to stm32f1xx_ll_rtc.o(i.LL_RTC_WaitForSynchro) for LL_RTC_WaitForSynchro
    stm32f1xx_ll_rtc.o(i.LL_RTC_Init) refers to stm32f1xx_ll_rtc.o(i.LL_RTC_EnterInitMode) for LL_RTC_EnterInitMode
    stm32f1xx_ll_rtc.o(i.LL_RTC_Init) refers to stm32f1xx_ll_rtc.o(i.LL_RTC_ExitInitMode) for LL_RTC_ExitInitMode
    stm32f1xx_ll_rtc.o(i.LL_RTC_TIME_Init) refers to stm32f1xx_ll_rtc.o(i.LL_RTC_EnterInitMode) for LL_RTC_EnterInitMode
    stm32f1xx_ll_rtc.o(i.LL_RTC_TIME_Init) refers to stm32f1xx_ll_rtc.o(i.LL_RTC_TIME_Set) for LL_RTC_TIME_Set
    stm32f1xx_ll_rtc.o(i.LL_RTC_TIME_Init) refers to stm32f1xx_ll_rtc.o(i.LL_RTC_ExitInitMode) for LL_RTC_ExitInitMode
    stm32f1xx_ll_rtc.o(i.LL_RTC_TIME_SetCounter) refers to stm32f1xx_ll_rtc.o(i.LL_RTC_EnterInitMode) for LL_RTC_EnterInitMode
    stm32f1xx_ll_rtc.o(i.LL_RTC_TIME_SetCounter) refers to stm32f1xx_ll_rtc.o(i.LL_RTC_TIME_Set) for LL_RTC_TIME_Set
    stm32f1xx_ll_rtc.o(i.LL_RTC_TIME_SetCounter) refers to stm32f1xx_ll_rtc.o(i.LL_RTC_ExitInitMode) for LL_RTC_ExitInitMode
    stm32f1xx_ll_rtc.o(i.LL_RTC_WaitForSynchro) refers to stm32f1xx_ll_rtc.o(i.LL_RTC_ClearFlag_RS) for LL_RTC_ClearFlag_RS
    stm32f1xx_ll_rtc.o(i.LL_RTC_WaitForSynchro) refers to stm32f1xx_ll_rtc.o(i.LL_RTC_IsActiveFlag_RS) for LL_RTC_IsActiveFlag_RS
    stm32f1xx_ll_rtc.o(i.LL_RTC_WaitForSynchro) refers to stm32f1xx_ll_rtc.o(i.LL_SYSTICK_IsActiveCounterFlag) for LL_SYSTICK_IsActiveCounterFlag
    stm32f1xx_ll_tim.o(i.LL_TIM_DeInit) refers to stm32f1xx_ll_tim.o(i.LL_APB1_GRP1_ForceReset) for LL_APB1_GRP1_ForceReset
    stm32f1xx_ll_tim.o(i.LL_TIM_DeInit) refers to stm32f1xx_ll_tim.o(i.LL_APB1_GRP1_ReleaseReset) for LL_APB1_GRP1_ReleaseReset
    stm32f1xx_ll_tim.o(i.LL_TIM_HALLSENSOR_Init) refers to stm32f1xx_ll_tim.o(i.LL_TIM_OC_SetCompareCH2) for LL_TIM_OC_SetCompareCH2
    stm32f1xx_ll_tim.o(i.LL_TIM_IC_Init) refers to stm32f1xx_ll_tim.o(i.IC1Config) for IC1Config
    stm32f1xx_ll_tim.o(i.LL_TIM_IC_Init) refers to stm32f1xx_ll_tim.o(i.IC2Config) for IC2Config
    stm32f1xx_ll_tim.o(i.LL_TIM_IC_Init) refers to stm32f1xx_ll_tim.o(i.IC3Config) for IC3Config
    stm32f1xx_ll_tim.o(i.LL_TIM_IC_Init) refers to stm32f1xx_ll_tim.o(i.IC4Config) for IC4Config
    stm32f1xx_ll_tim.o(i.LL_TIM_OC_Init) refers to stm32f1xx_ll_tim.o(i.OC1Config) for OC1Config
    stm32f1xx_ll_tim.o(i.LL_TIM_OC_Init) refers to stm32f1xx_ll_tim.o(i.OC2Config) for OC2Config
    stm32f1xx_ll_tim.o(i.LL_TIM_OC_Init) refers to stm32f1xx_ll_tim.o(i.OC3Config) for OC3Config
    stm32f1xx_ll_tim.o(i.LL_TIM_OC_Init) refers to stm32f1xx_ll_tim.o(i.OC4Config) for OC4Config
    stm32f1xx_ll_tim.o(i.OC2Config) refers to stm32f1xx_ll_tim.o(i.LL_TIM_OC_SetCompareCH2) for LL_TIM_OC_SetCompareCH2
    stm32f1xx_ll_usart.o(i.LL_USART_ClockInit) refers to stm32f1xx_ll_usart.o(i.LL_USART_IsEnabled) for LL_USART_IsEnabled
    stm32f1xx_ll_usart.o(i.LL_USART_DeInit) refers to stm32f1xx_ll_usart.o(i.LL_APB1_GRP1_ForceReset) for LL_APB1_GRP1_ForceReset
    stm32f1xx_ll_usart.o(i.LL_USART_DeInit) refers to stm32f1xx_ll_usart.o(i.LL_APB1_GRP1_ReleaseReset) for LL_APB1_GRP1_ReleaseReset
    stm32f1xx_ll_usart.o(i.LL_USART_Init) refers to stm32f1xx_ll_usart.o(i.LL_USART_IsEnabled) for LL_USART_IsEnabled
    stm32f1xx_ll_usart.o(i.LL_USART_Init) refers to stm32f1xx_ll_rcc.o(i.LL_RCC_GetSystemClocksFreq) for LL_RCC_GetSystemClocksFreq
    stm32f1xx_ll_usart.o(i.LL_USART_Init) refers to stm32f1xx_ll_usart.o(i.LL_USART_SetBaudRate) for LL_USART_SetBaudRate
    system_stm32f1xx.o(i.SystemCoreClockUpdate) refers to system_stm32f1xx.o(.data) for SystemCoreClock
    system_stm32f1xx.o(i.SystemCoreClockUpdate) refers to system_stm32f1xx.o(.constdata) for AHBPrescTable
    startup_stm32f103xb.o(RESET) refers to startup_stm32f103xb.o(STACK) for __initial_sp
    startup_stm32f103xb.o(RESET) refers to startup_stm32f103xb.o(.text) for Reset_Handler
    startup_stm32f103xb.o(RESET) refers to mytimer.o(i.TIM1_UP_IRQHandler) for TIM1_UP_IRQHandler
    startup_stm32f103xb.o(RESET) refers to mytimer.o(i.TIM2_IRQHandler) for TIM2_IRQHandler
    startup_stm32f103xb.o(RESET) refers to mytimer.o(i.TIM3_IRQHandler) for TIM3_IRQHandler
    startup_stm32f103xb.o(RESET) refers to mytimer.o(i.TIM4_IRQHandler) for TIM4_IRQHandler
    startup_stm32f103xb.o(.text) refers to system_stm32f1xx.o(i.SystemInit) for SystemInit
    startup_stm32f103xb.o(.text) refers to entry.o(.ARM.Collect$$$$00000000) for __main
    entry.o(.ARM.Collect$$$$00000000) refers (Special) to entry10a.o(.ARM.Collect$$$$0000000D) for __rt_final_cpp
    entry.o(.ARM.Collect$$$$00000000) refers (Special) to entry11a.o(.ARM.Collect$$$$0000000F) for __rt_final_exit
    entry.o(.ARM.Collect$$$$00000000) refers (Special) to entry7b.o(.ARM.Collect$$$$00000008) for _main_clock
    entry.o(.ARM.Collect$$$$00000000) refers (Special) to entry8b.o(.ARM.Collect$$$$0000000A) for _main_cpp_init
    entry.o(.ARM.Collect$$$$00000000) refers (Special) to entry9a.o(.ARM.Collect$$$$0000000B) for _main_init
    entry.o(.ARM.Collect$$$$00000000) refers (Special) to entry5.o(.ARM.Collect$$$$00000004) for _main_scatterload
    entry.o(.ARM.Collect$$$$00000000) refers (Special) to entry2.o(.ARM.Collect$$$$00000001) for _main_stk
    fadd.o(.text) refers (Special) to iusefp.o(.text) for __I$use$fp
    fadd.o(.text) refers to fepilogue.o(.text) for _float_epilogue
    fmul.o(.text) refers (Special) to iusefp.o(.text) for __I$use$fp
    fflti.o(.text) refers (Special) to iusefp.o(.text) for __I$use$fp
    fflti.o(.text) refers to fepilogue.o(.text) for _float_epilogue
    ffixi.o(.text) refers (Special) to iusefp.o(.text) for __I$use$fp
    entry2.o(.ARM.Collect$$$$00000001) refers to entry2.o(.ARM.Collect$$$$00002712) for __lit__00000000
    entry2.o(.ARM.Collect$$$$00002712) refers to startup_stm32f103xb.o(STACK) for __initial_sp
    entry2.o(__vectab_stack_and_reset_area) refers to startup_stm32f103xb.o(STACK) for __initial_sp
    entry2.o(__vectab_stack_and_reset_area) refers to entry.o(.ARM.Collect$$$$00000000) for __main
    entry5.o(.ARM.Collect$$$$00000004) refers to init.o(.text) for __scatterload
    entry9a.o(.ARM.Collect$$$$0000000B) refers to main.o(i.main) for main
    entry9b.o(.ARM.Collect$$$$0000000C) refers to main.o(i.main) for main
    init.o(.text) refers to entry5.o(.ARM.Collect$$$$00000004) for __main_after_scatterload


==============================================================================

Removing Unused input sections from the image.

    Removing main.o(.rev16_text), (4 bytes).
    Removing main.o(.revsh_text), (4 bytes).
    Removing main.o(.rrx_text), (6 bytes).
    Removing chrono.o(.rev16_text), (4 bytes).
    Removing chrono.o(.revsh_text), (4 bytes).
    Removing chrono.o(.rrx_text), (6 bytes).
    Removing chrono.o(i.Chrono_Conf), (24 bytes).
    Removing chrono.o(i.Chrono_Read), (8 bytes).
    Removing chrono.o(i.Chrono_Reset), (16 bytes).
    Removing chrono.o(i.Chrono_Start), (2 bytes).
    Removing chrono.o(i.Chrono_Stop), (2 bytes).
    Removing chrono.o(i.Chrono_Task_10ms), (72 bytes).
    Removing chrono.o(.data), (8 bytes).
    Removing girouette.o(.rev16_text), (4 bytes).
    Removing girouette.o(.revsh_text), (4 bytes).
    Removing girouette.o(.rrx_text), (6 bytes).
    Removing girouette.o(i.LL_GPIO_SetPinMode), (44 bytes).
    Removing girouette.o(i.diableGirouette), (24 bytes).
    Removing girouette.o(i.enableGirouette), (24 bytes).
    Removing girouette.o(i.initGirouette), (152 bytes).
    Removing girouette.o(.constdata), (35 bytes).
    Removing girouette.o(.data), (4 bytes).
    Removing moteurplateau.o(.rev16_text), (4 bytes).
    Removing moteurplateau.o(.revsh_text), (4 bytes).
    Removing moteurplateau.o(.rrx_text), (6 bytes).
    Removing moteurplateau.o(i.SetParam), (52 bytes).
    Removing moteurplateau.o(.constdata), (35 bytes).
    Removing servo.o(.rev16_text), (4 bytes).
    Removing servo.o(.revsh_text), (4 bytes).
    Removing servo.o(.rrx_text), (6 bytes).
    Removing servo.o(i.disableServo), (24 bytes).
    Removing servo.o(i.enableServo), (24 bytes).
    Removing servo.o(i.initServo), (120 bytes).
    Removing servo.o(.constdata), (35 bytes).
    Removing rxfm.o(.rev16_text), (4 bytes).
    Removing rxfm.o(.revsh_text), (4 bytes).
    Removing rxfm.o(.rrx_text), (6 bytes).
    Removing mytimer.o(.rev16_text), (4 bytes).
    Removing mytimer.o(.revsh_text), (4 bytes).
    Removing mytimer.o(.rrx_text), (6 bytes).
    Removing mytimer.o(i.MyTimer_IT_Conf), (192 bytes).
    Removing mytimer.o(i.MyTimer_IT_Disable), (12 bytes).
    Removing mytimer.o(i.MyTimer_IT_Enable), (14 bytes).
    Removing mytimer.o(i.MyTimer_Stop), (12 bytes).
    Removing myadc.o(.rev16_text), (4 bytes).
    Removing myadc.o(.revsh_text), (4 bytes).
    Removing myadc.o(.rrx_text), (6 bytes).
    Removing myadc.o(i.MyADC_Conf), (36 bytes).
    Removing mygpio.o(.rev16_text), (4 bytes).
    Removing mygpio.o(.revsh_text), (4 bytes).
    Removing mygpio.o(.rrx_text), (6 bytes).
    Removing mygpio.o(.constdata), (35 bytes).
    Removing stm32f1xx_ll_rcc.o(.rev16_text), (4 bytes).
    Removing stm32f1xx_ll_rcc.o(.revsh_text), (4 bytes).
    Removing stm32f1xx_ll_rcc.o(.rrx_text), (6 bytes).
    Removing stm32f1xx_ll_rcc.o(i.LL_RCC_DeInit), (152 bytes).
    Removing stm32f1xx_ll_rcc.o(i.LL_RCC_GetADCClockFreq), (68 bytes).
    Removing stm32f1xx_ll_rcc.o(i.LL_RCC_GetSystemClocksFreq), (36 bytes).
    Removing stm32f1xx_ll_rcc.o(i.LL_RCC_GetUSBClockFreq), (68 bytes).
    Removing stm32f1xx_ll_rcc.o(i.LL_RCC_PLL_IsReady), (16 bytes).
    Removing stm32f1xx_ll_rcc.o(i.RCC_GetHCLKClockFreq), (32 bytes).
    Removing stm32f1xx_ll_rcc.o(i.RCC_GetPCLK1ClockFreq), (36 bytes).
    Removing stm32f1xx_ll_rcc.o(i.RCC_GetPCLK2ClockFreq), (36 bytes).
    Removing stm32f1xx_ll_rcc.o(i.RCC_GetSystemClockFreq), (60 bytes).
    Removing stm32f1xx_ll_rcc.o(i.RCC_PLL_GetFreqDomain_SYS), (88 bytes).
    Removing stm32f1xx_ll_utils.o(.rev16_text), (4 bytes).
    Removing stm32f1xx_ll_utils.o(.revsh_text), (4 bytes).
    Removing stm32f1xx_ll_utils.o(.rrx_text), (6 bytes).
    Removing stm32f1xx_ll_utils.o(i.LL_Init1msTick), (28 bytes).
    Removing stm32f1xx_ll_utils.o(i.LL_PLL_ConfigSystemClock_HSE), (148 bytes).
    Removing stm32f1xx_ll_utils.o(i.LL_PLL_ConfigSystemClock_HSI), (104 bytes).
    Removing stm32f1xx_ll_utils.o(i.LL_RCC_HSE_IsReady), (16 bytes).
    Removing stm32f1xx_ll_utils.o(i.LL_RCC_HSI_IsReady), (16 bytes).
    Removing stm32f1xx_ll_utils.o(i.LL_RCC_PLL_ConfigDomain_SYS), (28 bytes).
    Removing stm32f1xx_ll_utils.o(i.LL_RCC_PLL_IsReady), (16 bytes).
    Removing stm32f1xx_ll_utils.o(i.LL_mDelay), (40 bytes).
    Removing stm32f1xx_ll_utils.o(i.UTILS_EnablePLLAndSwitchSystem), (216 bytes).
    Removing stm32f1xx_ll_utils.o(i.UTILS_GetPLLOutputFrequency), (32 bytes).
    Removing stm32f1xx_ll_utils.o(i.UTILS_PLL_IsBusy), (16 bytes).
    Removing stm32f1xx_ll_utils.o(i.UTILS_SetFlashLatency), (80 bytes).
    Removing stm32f1xx_ll_adc.o(.rev16_text), (4 bytes).
    Removing stm32f1xx_ll_adc.o(.revsh_text), (4 bytes).
    Removing stm32f1xx_ll_adc.o(.rrx_text), (6 bytes).
    Removing stm32f1xx_ll_adc.o(i.LL_ADC_CommonDeInit), (40 bytes).
    Removing stm32f1xx_ll_adc.o(i.LL_ADC_CommonInit), (72 bytes).
    Removing stm32f1xx_ll_adc.o(i.LL_ADC_CommonStructInit), (6 bytes).
    Removing stm32f1xx_ll_adc.o(i.LL_ADC_DeInit), (204 bytes).
    Removing stm32f1xx_ll_adc.o(i.LL_ADC_INJ_Init), (90 bytes).
    Removing stm32f1xx_ll_adc.o(i.LL_ADC_INJ_StructInit), (16 bytes).
    Removing stm32f1xx_ll_adc.o(i.LL_ADC_Init), (48 bytes).
    Removing stm32f1xx_ll_adc.o(i.LL_ADC_IsEnabled), (10 bytes).
    Removing stm32f1xx_ll_adc.o(i.LL_ADC_REG_Init), (104 bytes).
    Removing stm32f1xx_ll_adc.o(i.LL_ADC_REG_StructInit), (18 bytes).
    Removing stm32f1xx_ll_adc.o(i.LL_ADC_StructInit), (12 bytes).
    Removing stm32f1xx_ll_crc.o(.rev16_text), (4 bytes).
    Removing stm32f1xx_ll_crc.o(.revsh_text), (4 bytes).
    Removing stm32f1xx_ll_crc.o(.rrx_text), (6 bytes).
    Removing stm32f1xx_ll_crc.o(i.LL_CRC_DeInit), (40 bytes).
    Removing stm32f1xx_ll_dac.o(.rev16_text), (4 bytes).
    Removing stm32f1xx_ll_dac.o(.revsh_text), (4 bytes).
    Removing stm32f1xx_ll_dac.o(.rrx_text), (6 bytes).
    Removing stm32f1xx_ll_dma.o(.rev16_text), (4 bytes).
    Removing stm32f1xx_ll_dma.o(.revsh_text), (4 bytes).
    Removing stm32f1xx_ll_dma.o(.rrx_text), (6 bytes).
    Removing stm32f1xx_ll_dma.o(i.LL_DMA_DeInit), (252 bytes).
    Removing stm32f1xx_ll_dma.o(i.LL_DMA_Init), (120 bytes).
    Removing stm32f1xx_ll_dma.o(i.LL_DMA_StructInit), (24 bytes).
    Removing stm32f1xx_ll_dma.o(.constdata), (7 bytes).
    Removing stm32f1xx_ll_exti.o(.rev16_text), (4 bytes).
    Removing stm32f1xx_ll_exti.o(.revsh_text), (4 bytes).
    Removing stm32f1xx_ll_exti.o(.rrx_text), (6 bytes).
    Removing stm32f1xx_ll_exti.o(i.LL_EXTI_DeInit), (40 bytes).
    Removing stm32f1xx_ll_exti.o(i.LL_EXTI_DisableEvent_0_31), (16 bytes).
    Removing stm32f1xx_ll_exti.o(i.LL_EXTI_DisableIT_0_31), (16 bytes).
    Removing stm32f1xx_ll_exti.o(i.LL_EXTI_EnableEvent_0_31), (16 bytes).
    Removing stm32f1xx_ll_exti.o(i.LL_EXTI_EnableFallingTrig_0_31), (16 bytes).
    Removing stm32f1xx_ll_exti.o(i.LL_EXTI_EnableIT_0_31), (16 bytes).
    Removing stm32f1xx_ll_exti.o(i.LL_EXTI_EnableRisingTrig_0_31), (16 bytes).
    Removing stm32f1xx_ll_exti.o(i.LL_EXTI_Init), (188 bytes).
    Removing stm32f1xx_ll_exti.o(i.LL_EXTI_StructInit), (14 bytes).
    Removing stm32f1xx_ll_gpio.o(.rev16_text), (4 bytes).
    Removing stm32f1xx_ll_gpio.o(.revsh_text), (4 bytes).
    Removing stm32f1xx_ll_gpio.o(.rrx_text), (6 bytes).
    Removing stm32f1xx_ll_gpio.o(i.LL_APB2_GRP1_ForceReset), (16 bytes).
    Removing stm32f1xx_ll_gpio.o(i.LL_APB2_GRP1_ReleaseReset), (16 bytes).
    Removing stm32f1xx_ll_gpio.o(i.LL_GPIO_DeInit), (132 bytes).
    Removing stm32f1xx_ll_gpio.o(i.LL_GPIO_StructInit), (24 bytes).
    Removing stm32f1xx_ll_i2c.o(.rev16_text), (4 bytes).
    Removing stm32f1xx_ll_i2c.o(.revsh_text), (4 bytes).
    Removing stm32f1xx_ll_i2c.o(.rrx_text), (6 bytes).
    Removing stm32f1xx_ll_i2c.o(i.LL_APB1_GRP1_ForceReset), (16 bytes).
    Removing stm32f1xx_ll_i2c.o(i.LL_APB1_GRP1_ReleaseReset), (16 bytes).
    Removing stm32f1xx_ll_i2c.o(i.LL_I2C_ConfigSpeed), (188 bytes).
    Removing stm32f1xx_ll_i2c.o(i.LL_I2C_DeInit), (68 bytes).
    Removing stm32f1xx_ll_i2c.o(i.LL_I2C_Init), (104 bytes).
    Removing stm32f1xx_ll_i2c.o(i.LL_I2C_StructInit), (26 bytes).
    Removing stm32f1xx_ll_pwr.o(.rev16_text), (4 bytes).
    Removing stm32f1xx_ll_pwr.o(.revsh_text), (4 bytes).
    Removing stm32f1xx_ll_pwr.o(.rrx_text), (6 bytes).
    Removing stm32f1xx_ll_pwr.o(i.LL_PWR_DeInit), (36 bytes).
    Removing stm32f1xx_ll_rtc.o(.rev16_text), (4 bytes).
    Removing stm32f1xx_ll_rtc.o(.revsh_text), (4 bytes).
    Removing stm32f1xx_ll_rtc.o(.rrx_text), (6 bytes).
    Removing stm32f1xx_ll_rtc.o(i.LL_RTC_ALARM_Init), (166 bytes).
    Removing stm32f1xx_ll_rtc.o(i.LL_RTC_ALARM_Set), (10 bytes).
    Removing stm32f1xx_ll_rtc.o(i.LL_RTC_ALARM_SetCounter), (38 bytes).
    Removing stm32f1xx_ll_rtc.o(i.LL_RTC_ALARM_StructInit), (10 bytes).
    Removing stm32f1xx_ll_rtc.o(i.LL_RTC_ClearFlag_RS), (10 bytes).
    Removing stm32f1xx_ll_rtc.o(i.LL_RTC_DeInit), (104 bytes).
    Removing stm32f1xx_ll_rtc.o(i.LL_RTC_DisableWriteProtection), (10 bytes).
    Removing stm32f1xx_ll_rtc.o(i.LL_RTC_EnableWriteProtection), (10 bytes).
    Removing stm32f1xx_ll_rtc.o(i.LL_RTC_EnterInitMode), (70 bytes).
    Removing stm32f1xx_ll_rtc.o(i.LL_RTC_ExitInitMode), (70 bytes).
    Removing stm32f1xx_ll_rtc.o(i.LL_RTC_Init), (148 bytes).
    Removing stm32f1xx_ll_rtc.o(i.LL_RTC_IsActiveFlag_RS), (10 bytes).
    Removing stm32f1xx_ll_rtc.o(i.LL_RTC_IsActiveFlag_RTOF), (10 bytes).
    Removing stm32f1xx_ll_rtc.o(i.LL_RTC_StructInit), (12 bytes).
    Removing stm32f1xx_ll_rtc.o(i.LL_RTC_TIME_Init), (166 bytes).
    Removing stm32f1xx_ll_rtc.o(i.LL_RTC_TIME_Set), (10 bytes).
    Removing stm32f1xx_ll_rtc.o(i.LL_RTC_TIME_SetCounter), (38 bytes).
    Removing stm32f1xx_ll_rtc.o(i.LL_RTC_TIME_StructInit), (10 bytes).
    Removing stm32f1xx_ll_rtc.o(i.LL_RTC_WaitForSynchro), (70 bytes).
    Removing stm32f1xx_ll_rtc.o(i.LL_SYSTICK_IsActiveCounterFlag), (12 bytes).
    Removing stm32f1xx_ll_spi.o(.rev16_text), (4 bytes).
    Removing stm32f1xx_ll_spi.o(.revsh_text), (4 bytes).
    Removing stm32f1xx_ll_spi.o(.rrx_text), (6 bytes).
    Removing stm32f1xx_ll_spi.o(i.LL_SPI_DeInit), (92 bytes).
    Removing stm32f1xx_ll_spi.o(i.LL_SPI_Init), (100 bytes).
    Removing stm32f1xx_ll_spi.o(i.LL_SPI_StructInit), (26 bytes).
    Removing stm32f1xx_ll_tim.o(.rev16_text), (4 bytes).
    Removing stm32f1xx_ll_tim.o(.revsh_text), (4 bytes).
    Removing stm32f1xx_ll_tim.o(.rrx_text), (6 bytes).
    Removing stm32f1xx_ll_tim.o(i.IC1Config), (52 bytes).
    Removing stm32f1xx_ll_tim.o(i.IC2Config), (56 bytes).
    Removing stm32f1xx_ll_tim.o(i.IC3Config), (58 bytes).
    Removing stm32f1xx_ll_tim.o(i.IC4Config), (58 bytes).
    Removing stm32f1xx_ll_tim.o(i.LL_APB1_GRP1_ForceReset), (16 bytes).
    Removing stm32f1xx_ll_tim.o(i.LL_APB1_GRP1_ReleaseReset), (16 bytes).
    Removing stm32f1xx_ll_tim.o(i.LL_TIM_BDTR_Init), (82 bytes).
    Removing stm32f1xx_ll_tim.o(i.LL_TIM_BDTR_StructInit), (18 bytes).
    Removing stm32f1xx_ll_tim.o(i.LL_TIM_DeInit), (124 bytes).
    Removing stm32f1xx_ll_tim.o(i.LL_TIM_ENCODER_Init), (100 bytes).
    Removing stm32f1xx_ll_tim.o(i.LL_TIM_ENCODER_StructInit), (36 bytes).
    Removing stm32f1xx_ll_tim.o(i.LL_TIM_HALLSENSOR_Init), (114 bytes).
    Removing stm32f1xx_ll_tim.o(i.LL_TIM_HALLSENSOR_StructInit), (12 bytes).
    Removing stm32f1xx_ll_tim.o(i.LL_TIM_IC_Init), (92 bytes).
    Removing stm32f1xx_ll_tim.o(i.LL_TIM_IC_StructInit), (18 bytes).
    Removing stm32f1xx_ll_tim.o(i.LL_TIM_OC_Init), (92 bytes).
    Removing stm32f1xx_ll_tim.o(i.LL_TIM_OC_SetCompareCH2), (4 bytes).
    Removing stm32f1xx_ll_tim.o(i.LL_TIM_OC_StructInit), (20 bytes).
    Removing stm32f1xx_ll_tim.o(i.LL_TIM_StructInit), (18 bytes).
    Removing stm32f1xx_ll_tim.o(i.OC1Config), (120 bytes).
    Removing stm32f1xx_ll_tim.o(i.OC2Config), (132 bytes).
    Removing stm32f1xx_ll_tim.o(i.OC3Config), (120 bytes).
    Removing stm32f1xx_ll_tim.o(i.OC4Config), (88 bytes).
    Removing stm32f1xx_ll_tim.o(.constdata), (35 bytes).
    Removing stm32f1xx_ll_usart.o(.rev16_text), (4 bytes).
    Removing stm32f1xx_ll_usart.o(.revsh_text), (4 bytes).
    Removing stm32f1xx_ll_usart.o(.rrx_text), (6 bytes).
    Removing stm32f1xx_ll_usart.o(i.LL_APB1_GRP1_ForceReset), (16 bytes).
    Removing stm32f1xx_ll_usart.o(i.LL_APB1_GRP1_ReleaseReset), (16 bytes).
    Removing stm32f1xx_ll_usart.o(i.LL_USART_ClockInit), (66 bytes).
    Removing stm32f1xx_ll_usart.o(i.LL_USART_ClockStructInit), (12 bytes).
    Removing stm32f1xx_ll_usart.o(i.LL_USART_DeInit), (112 bytes).
    Removing stm32f1xx_ll_usart.o(i.LL_USART_Init), (148 bytes).
    Removing stm32f1xx_ll_usart.o(i.LL_USART_IsEnabled), (10 bytes).
    Removing stm32f1xx_ll_usart.o(i.LL_USART_SetBaudRate), (158 bytes).
    Removing stm32f1xx_ll_usart.o(i.LL_USART_StructInit), (24 bytes).
    Removing system_stm32f1xx.o(.rev16_text), (4 bytes).
    Removing system_stm32f1xx.o(.revsh_text), (4 bytes).
    Removing system_stm32f1xx.o(.rrx_text), (6 bytes).
    Removing system_stm32f1xx.o(i.SystemCoreClockUpdate), (164 bytes).
    Removing system_stm32f1xx.o(.constdata), (24 bytes).
    Removing startup_stm32f103xb.o(HEAP), (512 bytes).

214 unused section(s) (total 8662 bytes) removed from the image.

==============================================================================

Image Symbol Table

    Local Symbols

    Symbol Name                              Value     Ov Type        Size  Object(Section)

    ../Src/main.c                            0x00000000   Number         0  main.o ABSOLUTE
    ../Src/system_stm32f1xx.c                0x00000000   Number         0  system_stm32f1xx.o ABSOLUTE
    ../clib/microlib/init/entry.s            0x00000000   Number         0  entry2.o ABSOLUTE
    ../clib/microlib/init/entry.s            0x00000000   Number         0  entry9a.o ABSOLUTE
    ../clib/microlib/init/entry.s            0x00000000   Number         0  entry11b.o ABSOLUTE
    ../clib/microlib/init/entry.s            0x00000000   Number         0  entry.o ABSOLUTE
    ../clib/microlib/init/entry.s            0x00000000   Number         0  entry11a.o ABSOLUTE
    ../clib/microlib/init/entry.s            0x00000000   Number         0  entry10b.o ABSOLUTE
    ../clib/microlib/init/entry.s            0x00000000   Number         0  entry10a.o ABSOLUTE
    ../clib/microlib/init/entry.s            0x00000000   Number         0  entry9b.o ABSOLUTE
    ../clib/microlib/init/entry.s            0x00000000   Number         0  entry8b.o ABSOLUTE
    ../clib/microlib/init/entry.s            0x00000000   Number         0  entry8a.o ABSOLUTE
    ../clib/microlib/init/entry.s            0x00000000   Number         0  entry7b.o ABSOLUTE
    ../clib/microlib/init/entry.s            0x00000000   Number         0  entry7a.o ABSOLUTE
    ../clib/microlib/init/entry.s            0x00000000   Number         0  entry5.o ABSOLUTE
    ../clib/microlib/stubs.s                 0x00000000   Number         0  iusefp.o ABSOLUTE
    ../fplib/microlib/fpadd.c                0x00000000   Number         0  fadd.o ABSOLUTE
    ../fplib/microlib/fpepilogue.c           0x00000000   Number         0  fepilogue.o ABSOLUTE
    ../fplib/microlib/fpfix.c                0x00000000   Number         0  ffixi.o ABSOLUTE
    ../fplib/microlib/fpflt.c                0x00000000   Number         0  fflti.o ABSOLUTE
    ../fplib/microlib/fpmul.c                0x00000000   Number         0  fmul.o ABSOLUTE
    ..\LLDrivers\src\stm32f1xx_ll_adc.c      0x00000000   Number         0  stm32f1xx_ll_adc.o ABSOLUTE
    ..\LLDrivers\src\stm32f1xx_ll_crc.c      0x00000000   Number         0  stm32f1xx_ll_crc.o ABSOLUTE
    ..\LLDrivers\src\stm32f1xx_ll_dac.c      0x00000000   Number         0  stm32f1xx_ll_dac.o ABSOLUTE
    ..\LLDrivers\src\stm32f1xx_ll_dma.c      0x00000000   Number         0  stm32f1xx_ll_dma.o ABSOLUTE
    ..\LLDrivers\src\stm32f1xx_ll_exti.c     0x00000000   Number         0  stm32f1xx_ll_exti.o ABSOLUTE
    ..\LLDrivers\src\stm32f1xx_ll_gpio.c     0x00000000   Number         0  stm32f1xx_ll_gpio.o ABSOLUTE
    ..\LLDrivers\src\stm32f1xx_ll_i2c.c      0x00000000   Number         0  stm32f1xx_ll_i2c.o ABSOLUTE
    ..\LLDrivers\src\stm32f1xx_ll_pwr.c      0x00000000   Number         0  stm32f1xx_ll_pwr.o ABSOLUTE
    ..\LLDrivers\src\stm32f1xx_ll_rcc.c      0x00000000   Number         0  stm32f1xx_ll_rcc.o ABSOLUTE
    ..\LLDrivers\src\stm32f1xx_ll_rtc.c      0x00000000   Number         0  stm32f1xx_ll_rtc.o ABSOLUTE
    ..\LLDrivers\src\stm32f1xx_ll_spi.c      0x00000000   Number         0  stm32f1xx_ll_spi.o ABSOLUTE
    ..\LLDrivers\src\stm32f1xx_ll_tim.c      0x00000000   Number         0  stm32f1xx_ll_tim.o ABSOLUTE
    ..\LLDrivers\src\stm32f1xx_ll_usart.c    0x00000000   Number         0  stm32f1xx_ll_usart.o ABSOLUTE
    ..\LLDrivers\src\stm32f1xx_ll_utils.c    0x00000000   Number         0  stm32f1xx_ll_utils.o ABSOLUTE
    ..\MyDrivers\MyADC.c                     0x00000000   Number         0  myadc.o ABSOLUTE
    ..\MyDrivers\MyGPIO.c                    0x00000000   Number         0  mygpio.o ABSOLUTE
    ..\MyDrivers\MyTimer.c                   0x00000000   Number         0  mytimer.o ABSOLUTE
    ..\Services\Accelero.c                   0x00000000   Number         0  accelero.o ABSOLUTE
    ..\Services\CarteElectro.c               0x00000000   Number         0  carteelectro.o ABSOLUTE
    ..\Services\Chrono.c                     0x00000000   Number         0  chrono.o ABSOLUTE
    ..\Services\Girouette.c                  0x00000000   Number         0  girouette.o ABSOLUTE
    ..\Services\MoteurPlateau.c              0x00000000   Number         0  moteurplateau.o ABSOLUTE
    ..\Services\RxFM.c                       0x00000000   Number         0  rxfm.o ABSOLUTE
    ..\Services\Servo.c                      0x00000000   Number         0  servo.o ABSOLUTE
    ..\Services\TxFM.c                       0x00000000   Number         0  txfm.o ABSOLUTE
    ..\Src\main.c                            0x00000000   Number         0  main.o ABSOLUTE
    ..\Src\system_stm32f1xx.c                0x00000000   Number         0  system_stm32f1xx.o ABSOLUTE
    ..\\LLDrivers\\src\\stm32f1xx_ll_adc.c   0x00000000   Number         0  stm32f1xx_ll_adc.o ABSOLUTE
    ..\\LLDrivers\\src\\stm32f1xx_ll_crc.c   0x00000000   Number         0  stm32f1xx_ll_crc.o ABSOLUTE
    ..\\LLDrivers\\src\\stm32f1xx_ll_dac.c   0x00000000   Number         0  stm32f1xx_ll_dac.o ABSOLUTE
    ..\\LLDrivers\\src\\stm32f1xx_ll_dma.c   0x00000000   Number         0  stm32f1xx_ll_dma.o ABSOLUTE
    ..\\LLDrivers\\src\\stm32f1xx_ll_exti.c  0x00000000   Number         0  stm32f1xx_ll_exti.o ABSOLUTE
    ..\\LLDrivers\\src\\stm32f1xx_ll_gpio.c  0x00000000   Number         0  stm32f1xx_ll_gpio.o ABSOLUTE
    ..\\LLDrivers\\src\\stm32f1xx_ll_i2c.c   0x00000000   Number         0  stm32f1xx_ll_i2c.o ABSOLUTE
    ..\\LLDrivers\\src\\stm32f1xx_ll_pwr.c   0x00000000   Number         0  stm32f1xx_ll_pwr.o ABSOLUTE
    ..\\LLDrivers\\src\\stm32f1xx_ll_rcc.c   0x00000000   Number         0  stm32f1xx_ll_rcc.o ABSOLUTE
    ..\\LLDrivers\\src\\stm32f1xx_ll_rtc.c   0x00000000   Number         0  stm32f1xx_ll_rtc.o ABSOLUTE
    ..\\LLDrivers\\src\\stm32f1xx_ll_spi.c   0x00000000   Number         0  stm32f1xx_ll_spi.o ABSOLUTE
    ..\\LLDrivers\\src\\stm32f1xx_ll_tim.c   0x00000000   Number         0  stm32f1xx_ll_tim.o ABSOLUTE
    ..\\LLDrivers\\src\\stm32f1xx_ll_usart.c 0x00000000   Number         0  stm32f1xx_ll_usart.o ABSOLUTE
    ..\\LLDrivers\\src\\stm32f1xx_ll_utils.c 0x00000000   Number         0  stm32f1xx_ll_utils.o ABSOLUTE
    ..\\MyDrivers\\MyADC.c                   0x00000000   Number         0  myadc.o ABSOLUTE
    ..\\MyDrivers\\MyGPIO.c                  0x00000000   Number         0  mygpio.o ABSOLUTE
    ..\\MyDrivers\\MyTimer.c                 0x00000000   Number         0  mytimer.o ABSOLUTE
    ..\\Services\\Chrono.c                   0x00000000   Number         0  chrono.o ABSOLUTE
    ..\\Services\\Girouette.c                0x00000000   Number         0  girouette.o ABSOLUTE
    ..\\Services\\MoteurPlateau.c            0x00000000   Number         0  moteurplateau.o ABSOLUTE
    ..\\Services\\RxFM.c                     0x00000000   Number         0  rxfm.o ABSOLUTE
    ..\\Services\\Servo.c                    0x00000000   Number         0  servo.o ABSOLUTE
    dc.s                                     0x00000000   Number         0  dc.o ABSOLUTE
    handlers.s                               0x00000000   Number         0  handlers.o ABSOLUTE
    init.s                                   0x00000000   Number         0  init.o ABSOLUTE
    startup_stm32f103xb.s                    0x00000000   Number         0  startup_stm32f103xb.o ABSOLUTE
    RESET                                    0x08000000   Section      236  startup_stm32f103xb.o(RESET)
    .ARM.Collect$$$$00000000                 0x080000ec   Section        0  entry.o(.ARM.Collect$$$$00000000)
    .ARM.Collect$$$$00000001                 0x080000ec   Section        4  entry2.o(.ARM.Collect$$$$00000001)
    .ARM.Collect$$$$00000004                 0x080000f0   Section        4  entry5.o(.ARM.Collect$$$$00000004)
    .ARM.Collect$$$$00000008                 0x080000f4   Section        0  entry7b.o(.ARM.Collect$$$$00000008)
    .ARM.Collect$$$$0000000A                 0x080000f4   Section        0  entry8b.o(.ARM.Collect$$$$0000000A)
    .ARM.Collect$$$$0000000B                 0x080000f4   Section        8  entry9a.o(.ARM.Collect$$$$0000000B)
    .ARM.Collect$$$$0000000D                 0x080000fc   Section        0  entry10a.o(.ARM.Collect$$$$0000000D)
    .ARM.Collect$$$$0000000F                 0x080000fc   Section        0  entry11a.o(.ARM.Collect$$$$0000000F)
    .ARM.Collect$$$$00002712                 0x080000fc   Section        4  entry2.o(.ARM.Collect$$$$00002712)
    __lit__00000000                          0x080000fc   Data           4  entry2.o(.ARM.Collect$$$$00002712)
    .text                                    0x08000100   Section       36  startup_stm32f103xb.o(.text)
    .text                                    0x08000124   Section        0  fadd.o(.text)
    .text                                    0x080001d4   Section        0  fmul.o(.text)
    .text                                    0x08000238   Section        0  fflti.o(.text)
    .text                                    0x0800024a   Section        0  ffixi.o(.text)
    .text                                    0x0800027c   Section        0  iusefp.o(.text)
    .text                                    0x0800027c   Section        0  fepilogue.o(.text)
    .text                                    0x080002ec   Section       36  init.o(.text)
    i.GetAngle                               0x08000310   Section        0  girouette.o(i.GetAngle)
    i.Init_Moteur                            0x0800031c   Section        0  moteurplateau.o(i.Init_Moteur)
    i.LL_APB1_GRP1_EnableClock               0x08000334   Section        0  mytimer.o(i.LL_APB1_GRP1_EnableClock)
    LL_APB1_GRP1_EnableClock                 0x08000335   Thumb Code    24  mytimer.o(i.LL_APB1_GRP1_EnableClock)
    i.LL_GPIO_Init                           0x08000350   Section        0  stm32f1xx_ll_gpio.o(i.LL_GPIO_Init)
    i.LL_SetSystemCoreClock                  0x08000470   Section        0  stm32f1xx_ll_utils.o(i.LL_SetSystemCoreClock)
    i.LL_TIM_ClearFlag_UPDATE                0x0800047c   Section        0  mytimer.o(i.LL_TIM_ClearFlag_UPDATE)
    LL_TIM_ClearFlag_UPDATE                  0x0800047d   Thumb Code     8  mytimer.o(i.LL_TIM_ClearFlag_UPDATE)
    i.LL_TIM_DisableCounter                  0x08000484   Section        0  mytimer.o(i.LL_TIM_DisableCounter)
    LL_TIM_DisableCounter                    0x08000485   Thumb Code    10  mytimer.o(i.LL_TIM_DisableCounter)
    i.LL_TIM_DisableIT_UPDATE                0x0800048e   Section        0  mytimer.o(i.LL_TIM_DisableIT_UPDATE)
    LL_TIM_DisableIT_UPDATE                  0x0800048f   Thumb Code    10  mytimer.o(i.LL_TIM_DisableIT_UPDATE)
    i.LL_TIM_Init                            0x08000498   Section        0  stm32f1xx_ll_tim.o(i.LL_TIM_Init)
    i.LL_TIM_OC_SetMode                      0x0800051c   Section        0  mytimer.o(i.LL_TIM_OC_SetMode)
    LL_TIM_OC_SetMode                        0x0800051d   Thumb Code    98  mytimer.o(i.LL_TIM_OC_SetMode)
    i.MyGPIO_PWMInputConf                    0x08000588   Section        0  mygpio.o(i.MyGPIO_PWMInputConf)
    i.MyGPIO_PWMOutputConf                   0x080005dc   Section        0  mygpio.o(i.MyGPIO_PWMOutputConf)
    i.MyGPIO_SensConf                        0x08000614   Section        0  mygpio.o(i.MyGPIO_SensConf)
    i.MyPWM_input_Conf                       0x08000634   Section        0  mytimer.o(i.MyPWM_input_Conf)
    i.MyPWM_output_Conf                      0x080006f4   Section        0  mytimer.o(i.MyPWM_output_Conf)
    i.MyTimer_Conf                           0x08000720   Section        0  mytimer.o(i.MyTimer_Conf)
    i.SystemClock_Config                     0x080007a4   Section        0  main.o(i.SystemClock_Config)
    i.SystemInit                             0x08000880   Section        0  system_stm32f1xx.o(i.SystemInit)
    i.TIM1_UP_IRQHandler                     0x080008d8   Section        0  mytimer.o(i.TIM1_UP_IRQHandler)
    i.TIM2_IRQHandler                        0x080008f0   Section        0  mytimer.o(i.TIM2_IRQHandler)
    i.TIM3_IRQHandler                        0x08000908   Section        0  mytimer.o(i.TIM3_IRQHandler)
    i.TIM4_IRQHandler                        0x08000920   Section        0  mytimer.o(i.TIM4_IRQHandler)
    i.Teleco_init                            0x08000938   Section        0  rxfm.o(i.Teleco_init)
    i.__scatterload_copy                     0x0800094a   Section       14  handlers.o(i.__scatterload_copy)
    i.__scatterload_null                     0x08000958   Section        2  handlers.o(i.__scatterload_null)
    i.__scatterload_zeroinit                 0x0800095a   Section       14  handlers.o(i.__scatterload_zeroinit)
    i.getLength                              0x08000968   Section        0  rxfm.o(i.getLength)
    i.main                                   0x08000978   Section        0  main.o(i.main)
    i.setSailAngle                           0x08000998   Section        0  servo.o(i.setSailAngle)
    .constdata                               0x080009d8   Section       35  mytimer.o(.constdata)
    OFFSET_TAB_CCMRx                         0x080009d8   Data           7  mytimer.o(.constdata)
    SHIFT_TAB_OCxx                           0x080009df   Data           7  mytimer.o(.constdata)
    SHIFT_TAB_ICxx                           0x080009e6   Data           7  mytimer.o(.constdata)
    SHIFT_TAB_CCxP                           0x080009ed   Data           7  mytimer.o(.constdata)
    SHIFT_TAB_OISx                           0x080009f4   Data           7  mytimer.o(.constdata)
    .data                                    0x20000000   Section       16  mytimer.o(.data)
    .data                                    0x20000010   Section        4  system_stm32f1xx.o(.data)
    STACK                                    0x20000018   Section     1024  startup_stm32f103xb.o(STACK)

    Global Symbols

    Symbol Name                              Value     Ov Type        Size  Object(Section)

    BuildAttributes$$THM_ISAv4$P$D$K$B$S$PE$A:L22UL41UL21$X:L11$S22US41US21$IEEE1$IW$USESV6$~STKCKD$USESV7$~SHL$OTIME$ROPI$EBA8$MICROLIB$REQ8$PRES8$EABIv2 0x00000000   Number         0  anon$$obj.o ABSOLUTE
    __ARM_use_no_argv                        0x00000000   Number         0  main.o ABSOLUTE
    __cpp_initialize__aeabi_                  - Undefined Weak Reference
    __cxa_finalize                            - Undefined Weak Reference
    __decompress                              - Undefined Weak Reference
    _clock_init                               - Undefined Weak Reference
    _microlib_exit                            - Undefined Weak Reference
    __Vectors_Size                           0x000000ec   Number         0  startup_stm32f103xb.o ABSOLUTE
    __Vectors                                0x08000000   Data           4  startup_stm32f103xb.o(RESET)
    __Vectors_End                            0x080000ec   Data           0  startup_stm32f103xb.o(RESET)
    __main                                   0x080000ed   Thumb Code     0  entry.o(.ARM.Collect$$$$00000000)
    _main_stk                                0x080000ed   Thumb Code     0  entry2.o(.ARM.Collect$$$$00000001)
    _main_scatterload                        0x080000f1   Thumb Code     0  entry5.o(.ARM.Collect$$$$00000004)
    __main_after_scatterload                 0x080000f5   Thumb Code     0  entry5.o(.ARM.Collect$$$$00000004)
    _main_clock                              0x080000f5   Thumb Code     0  entry7b.o(.ARM.Collect$$$$00000008)
    _main_cpp_init                           0x080000f5   Thumb Code     0  entry8b.o(.ARM.Collect$$$$0000000A)
    _main_init                               0x080000f5   Thumb Code     0  entry9a.o(.ARM.Collect$$$$0000000B)
    __rt_final_cpp                           0x080000fd   Thumb Code     0  entry10a.o(.ARM.Collect$$$$0000000D)
    __rt_final_exit                          0x080000fd   Thumb Code     0  entry11a.o(.ARM.Collect$$$$0000000F)
    Reset_Handler                            0x08000101   Thumb Code     8  startup_stm32f103xb.o(.text)
    NMI_Handler                              0x08000109   Thumb Code     2  startup_stm32f103xb.o(.text)
    HardFault_Handler                        0x0800010b   Thumb Code     2  startup_stm32f103xb.o(.text)
    MemManage_Handler                        0x0800010d   Thumb Code     2  startup_stm32f103xb.o(.text)
    BusFault_Handler                         0x0800010f   Thumb Code     2  startup_stm32f103xb.o(.text)
    UsageFault_Handler                       0x08000111   Thumb Code     2  startup_stm32f103xb.o(.text)
    SVC_Handler                              0x08000113   Thumb Code     2  startup_stm32f103xb.o(.text)
    DebugMon_Handler                         0x08000115   Thumb Code     2  startup_stm32f103xb.o(.text)
    PendSV_Handler                           0x08000117   Thumb Code     2  startup_stm32f103xb.o(.text)
    SysTick_Handler                          0x08000119   Thumb Code     2  startup_stm32f103xb.o(.text)
    ADC1_2_IRQHandler                        0x0800011b   Thumb Code     0  startup_stm32f103xb.o(.text)
    CAN1_RX1_IRQHandler                      0x0800011b   Thumb Code     0  startup_stm32f103xb.o(.text)
    CAN1_SCE_IRQHandler                      0x0800011b   Thumb Code     0  startup_stm32f103xb.o(.text)
    DMA1_Channel1_IRQHandler                 0x0800011b   Thumb Code     0  startup_stm32f103xb.o(.text)
    DMA1_Channel2_IRQHandler                 0x0800011b   Thumb Code     0  startup_stm32f103xb.o(.text)
    DMA1_Channel3_IRQHandler                 0x0800011b   Thumb Code     0  startup_stm32f103xb.o(.text)
    DMA1_Channel4_IRQHandler                 0x0800011b   Thumb Code     0  startup_stm32f103xb.o(.text)
    DMA1_Channel5_IRQHandler                 0x0800011b   Thumb Code     0  startup_stm32f103xb.o(.text)
    DMA1_Channel6_IRQHandler                 0x0800011b   Thumb Code     0  startup_stm32f103xb.o(.text)
    DMA1_Channel7_IRQHandler                 0x0800011b   Thumb Code     0  startup_stm32f103xb.o(.text)
    EXTI0_IRQHandler                         0x0800011b   Thumb Code     0  startup_stm32f103xb.o(.text)
    EXTI15_10_IRQHandler                     0x0800011b   Thumb Code     0  startup_stm32f103xb.o(.text)
    EXTI1_IRQHandler                         0x0800011b   Thumb Code     0  startup_stm32f103xb.o(.text)
    EXTI2_IRQHandler                         0x0800011b   Thumb Code     0  startup_stm32f103xb.o(.text)
    EXTI3_IRQHandler                         0x0800011b   Thumb Code     0  startup_stm32f103xb.o(.text)
    EXTI4_IRQHandler                         0x0800011b   Thumb Code     0  startup_stm32f103xb.o(.text)
    EXTI9_5_IRQHandler                       0x0800011b   Thumb Code     0  startup_stm32f103xb.o(.text)
    FLASH_IRQHandler                         0x0800011b   Thumb Code     0  startup_stm32f103xb.o(.text)
    I2C1_ER_IRQHandler                       0x0800011b   Thumb Code     0  startup_stm32f103xb.o(.text)
    I2C1_EV_IRQHandler                       0x0800011b   Thumb Code     0  startup_stm32f103xb.o(.text)
    I2C2_ER_IRQHandler                       0x0800011b   Thumb Code     0  startup_stm32f103xb.o(.text)
    I2C2_EV_IRQHandler                       0x0800011b   Thumb Code     0  startup_stm32f103xb.o(.text)
    PVD_IRQHandler                           0x0800011b   Thumb Code     0  startup_stm32f103xb.o(.text)
    RCC_IRQHandler                           0x0800011b   Thumb Code     0  startup_stm32f103xb.o(.text)
    RTC_Alarm_IRQHandler                     0x0800011b   Thumb Code     0  startup_stm32f103xb.o(.text)
    RTC_IRQHandler                           0x0800011b   Thumb Code     0  startup_stm32f103xb.o(.text)
    SPI1_IRQHandler                          0x0800011b   Thumb Code     0  startup_stm32f103xb.o(.text)
    SPI2_IRQHandler                          0x0800011b   Thumb Code     0  startup_stm32f103xb.o(.text)
    TAMPER_IRQHandler                        0x0800011b   Thumb Code     0  startup_stm32f103xb.o(.text)
    TIM1_BRK_IRQHandler                      0x0800011b   Thumb Code     0  startup_stm32f103xb.o(.text)
    TIM1_CC_IRQHandler                       0x0800011b   Thumb Code     0  startup_stm32f103xb.o(.text)
    TIM1_TRG_COM_IRQHandler                  0x0800011b   Thumb Code     0  startup_stm32f103xb.o(.text)
    USART1_IRQHandler                        0x0800011b   Thumb Code     0  startup_stm32f103xb.o(.text)
    USART2_IRQHandler                        0x0800011b   Thumb Code     0  startup_stm32f103xb.o(.text)
    USART3_IRQHandler                        0x0800011b   Thumb Code     0  startup_stm32f103xb.o(.text)
    USBWakeUp_IRQHandler                     0x0800011b   Thumb Code     0  startup_stm32f103xb.o(.text)
    USB_HP_CAN1_TX_IRQHandler                0x0800011b   Thumb Code     0  startup_stm32f103xb.o(.text)
    USB_LP_CAN1_RX0_IRQHandler               0x0800011b   Thumb Code     0  startup_stm32f103xb.o(.text)
    WWDG_IRQHandler                          0x0800011b   Thumb Code     0  startup_stm32f103xb.o(.text)
    __aeabi_fadd                             0x08000125   Thumb Code   164  fadd.o(.text)
    __aeabi_fsub                             0x080001c9   Thumb Code     6  fadd.o(.text)
    __aeabi_frsub                            0x080001cf   Thumb Code     6  fadd.o(.text)
    __aeabi_fmul                             0x080001d5   Thumb Code   100  fmul.o(.text)
    __aeabi_i2f                              0x08000239   Thumb Code    18  fflti.o(.text)
    __aeabi_f2iz                             0x0800024b   Thumb Code    50  ffixi.o(.text)
    __I$use$fp                               0x0800027d   Thumb Code     0  iusefp.o(.text)
    _float_round                             0x0800027d   Thumb Code    18  fepilogue.o(.text)
    _float_epilogue                          0x0800028f   Thumb Code    92  fepilogue.o(.text)
    __scatterload                            0x080002ed   Thumb Code    28  init.o(.text)
    __scatterload_rt2                        0x080002ed   Thumb Code     0  init.o(.text)
    GetAngle                                 0x08000311   Thumb Code     8  girouette.o(i.GetAngle)
    Init_Moteur                              0x0800031d   Thumb Code    22  moteurplateau.o(i.Init_Moteur)
    LL_GPIO_Init                             0x08000351   Thumb Code   288  stm32f1xx_ll_gpio.o(i.LL_GPIO_Init)
    LL_SetSystemCoreClock                    0x08000471   Thumb Code     6  stm32f1xx_ll_utils.o(i.LL_SetSystemCoreClock)
    LL_TIM_Init                              0x08000499   Thumb Code   118  stm32f1xx_ll_tim.o(i.LL_TIM_Init)
    MyGPIO_PWMInputConf                      0x08000589   Thumb Code    76  mygpio.o(i.MyGPIO_PWMInputConf)
    MyGPIO_PWMOutputConf                     0x080005dd   Thumb Code    46  mygpio.o(i.MyGPIO_PWMOutputConf)
    MyGPIO_SensConf                          0x08000615   Thumb Code    26  mygpio.o(i.MyGPIO_SensConf)
    MyPWM_input_Conf                         0x08000635   Thumb Code   186  mytimer.o(i.MyPWM_input_Conf)
    MyPWM_output_Conf                        0x080006f5   Thumb Code    44  mytimer.o(i.MyPWM_output_Conf)
    MyTimer_Conf                             0x08000721   Thumb Code   118  mytimer.o(i.MyTimer_Conf)
    SystemClock_Config                       0x080007a5   Thumb Code   206  main.o(i.SystemClock_Config)
    SystemInit                               0x08000881   Thumb Code    70  system_stm32f1xx.o(i.SystemInit)
    TIM1_UP_IRQHandler                       0x080008d9   Thumb Code    16  mytimer.o(i.TIM1_UP_IRQHandler)
    TIM2_IRQHandler                          0x080008f1   Thumb Code    18  mytimer.o(i.TIM2_IRQHandler)
    TIM3_IRQHandler                          0x08000909   Thumb Code    16  mytimer.o(i.TIM3_IRQHandler)
    TIM4_IRQHandler                          0x08000921   Thumb Code    16  mytimer.o(i.TIM4_IRQHandler)
    Teleco_init                              0x08000939   Thumb Code    18  rxfm.o(i.Teleco_init)
    __scatterload_copy                       0x0800094b   Thumb Code    14  handlers.o(i.__scatterload_copy)
    __scatterload_null                       0x08000959   Thumb Code     2  handlers.o(i.__scatterload_null)
    __scatterload_zeroinit                   0x0800095b   Thumb Code    14  handlers.o(i.__scatterload_zeroinit)
    getLength                                0x08000969   Thumb Code    10  rxfm.o(i.getLength)
    main                                     0x08000979   Thumb Code    32  main.o(i.main)
    setSailAngle                             0x08000999   Thumb Code    52  servo.o(i.setSailAngle)
    Region$$Table$$Base                      0x080009fc   Number         0  anon$$obj.o(Region$$Table)
    Region$$Table$$Limit                     0x08000a1c   Number         0  anon$$obj.o(Region$$Table)
    Ptr_ItFct_TIM1                           0x20000000   Data           4  mytimer.o(.data)
    Ptr_ItFct_TIM2                           0x20000004   Data           4  mytimer.o(.data)
    Ptr_ItFct_TIM3                           0x20000008   Data           4  mytimer.o(.data)
    Ptr_ItFct_TIM4                           0x2000000c   Data           4  mytimer.o(.data)
    SystemCoreClock                          0x20000010   Data           4  system_stm32f1xx.o(.data)
    __initial_sp                             0x20000418   Data           0  startup_stm32f103xb.o(STACK)



==============================================================================

Memory Map of the image

  Image Entry point : 0x080000ed

  Load Region LR_IROM1 (Base: 0x08000000, Size: 0x00000a30, Max: 0x00020000, ABSOLUTE)

    Execution Region ER_IROM1 (Exec base: 0x08000000, Load base: 0x08000000, Size: 0x00000a1c, Max: 0x00020000, ABSOLUTE)

    Exec Addr    Load Addr    Size         Type   Attr      Idx    E Section Name        Object

    0x08000000   0x08000000   0x000000ec   Data   RO         1531    RESET               startup_stm32f103xb.o
    0x080000ec   0x080000ec   0x00000000   Code   RO         1536  * .ARM.Collect$$$$00000000  mc_w.l(entry.o)
    0x080000ec   0x080000ec   0x00000004   Code   RO         1547    .ARM.Collect$$$$00000001  mc_w.l(entry2.o)
    0x080000f0   0x080000f0   0x00000004   Code   RO         1550    .ARM.Collect$$$$00000004  mc_w.l(entry5.o)
    0x080000f4   0x080000f4   0x00000000   Code   RO         1552    .ARM.Collect$$$$00000008  mc_w.l(entry7b.o)
    0x080000f4   0x080000f4   0x00000000   Code   RO         1554    .ARM.Collect$$$$0000000A  mc_w.l(entry8b.o)
    0x080000f4   0x080000f4   0x00000008   Code   RO         1555    .ARM.Collect$$$$0000000B  mc_w.l(entry9a.o)
    0x080000fc   0x080000fc   0x00000000   Code   RO         1557    .ARM.Collect$$$$0000000D  mc_w.l(entry10a.o)
    0x080000fc   0x080000fc   0x00000000   Code   RO         1559    .ARM.Collect$$$$0000000F  mc_w.l(entry11a.o)
    0x080000fc   0x080000fc   0x00000004   Code   RO         1548    .ARM.Collect$$$$00002712  mc_w.l(entry2.o)
    0x08000100   0x08000100   0x00000024   Code   RO         1532    .text               startup_stm32f103xb.o
    0x08000124   0x08000124   0x000000b0   Code   RO         1539    .text               mf_w.l(fadd.o)
    0x080001d4   0x080001d4   0x00000064   Code   RO         1541    .text               mf_w.l(fmul.o)
    0x08000238   0x08000238   0x00000012   Code   RO         1543    .text               mf_w.l(fflti.o)
    0x0800024a   0x0800024a   0x00000032   Code   RO         1545    .text               mf_w.l(ffixi.o)
    0x0800027c   0x0800027c   0x00000000   Code   RO         1561    .text               mc_w.l(iusefp.o)
    0x0800027c   0x0800027c   0x0000006e   Code   RO         1562    .text               mf_w.l(fepilogue.o)
    0x080002ea   0x080002ea   0x00000002   PAD
    0x080002ec   0x080002ec   0x00000024   Code   RO         1564    .text               mc_w.l(init.o)
    0x08000310   0x08000310   0x0000000c   Code   RO          149    i.GetAngle          girouette.o
    0x0800031c   0x0800031c   0x00000016   Code   RO          209    i.Init_Moteur       moteurplateau.o
    0x08000332   0x08000332   0x00000002   PAD
    0x08000334   0x08000334   0x0000001c   Code   RO          333    i.LL_APB1_GRP1_EnableClock  mytimer.o
    0x08000350   0x08000350   0x00000120   Code   RO          957    i.LL_GPIO_Init      stm32f1xx_ll_gpio.o
    0x08000470   0x08000470   0x0000000c   Code   RO          614    i.LL_SetSystemCoreClock  stm32f1xx_ll_utils.o
    0x0800047c   0x0800047c   0x00000008   Code   RO          334    i.LL_TIM_ClearFlag_UPDATE  mytimer.o
    0x08000484   0x08000484   0x0000000a   Code   RO          335    i.LL_TIM_DisableCounter  mytimer.o
    0x0800048e   0x0800048e   0x0000000a   Code   RO          336    i.LL_TIM_DisableIT_UPDATE  mytimer.o
    0x08000498   0x08000498   0x00000084   Code   RO         1283    i.LL_TIM_Init       stm32f1xx_ll_tim.o
    0x0800051c   0x0800051c   0x0000006c   Code   RO          337    i.LL_TIM_OC_SetMode  mytimer.o
    0x08000588   0x08000588   0x00000054   Code   RO          483    i.MyGPIO_PWMInputConf  mygpio.o
    0x080005dc   0x080005dc   0x00000038   Code   RO          484    i.MyGPIO_PWMOutputConf  mygpio.o
    0x08000614   0x08000614   0x00000020   Code   RO          485    i.MyGPIO_SensConf   mygpio.o
    0x08000634   0x08000634   0x000000c0   Code   RO          338    i.MyPWM_input_Conf  mytimer.o
    0x080006f4   0x080006f4   0x0000002c   Code   RO          339    i.MyPWM_output_Conf  mytimer.o
    0x08000720   0x08000720   0x00000084   Code   RO          340    i.MyTimer_Conf      mytimer.o
    0x080007a4   0x080007a4   0x000000dc   Code   RO            4    i.SystemClock_Config  main.o
    0x08000880   0x08000880   0x00000058   Code   RO         1496    i.SystemInit        system_stm32f1xx.o
    0x080008d8   0x080008d8   0x00000018   Code   RO          345    i.TIM1_UP_IRQHandler  mytimer.o
    0x080008f0   0x080008f0   0x00000018   Code   RO          346    i.TIM2_IRQHandler   mytimer.o
    0x08000908   0x08000908   0x00000018   Code   RO          347    i.TIM3_IRQHandler   mytimer.o
    0x08000920   0x08000920   0x00000018   Code   RO          348    i.TIM4_IRQHandler   mytimer.o
    0x08000938   0x08000938   0x00000012   Code   RO          303    i.Teleco_init       rxfm.o
    0x0800094a   0x0800094a   0x0000000e   Code   RO         1568    i.__scatterload_copy  mc_w.l(handlers.o)
    0x08000958   0x08000958   0x00000002   Code   RO         1569    i.__scatterload_null  mc_w.l(handlers.o)
    0x0800095a   0x0800095a   0x0000000e   Code   RO         1570    i.__scatterload_zeroinit  mc_w.l(handlers.o)
    0x08000968   0x08000968   0x00000010   Code   RO          304    i.getLength         rxfm.o
    0x08000978   0x08000978   0x00000020   Code   RO            5    i.main              main.o
    0x08000998   0x08000998   0x00000040   Code   RO          253    i.setSailAngle      servo.o
    0x080009d8   0x080009d8   0x00000023   Data   RO          349    .constdata          mytimer.o
    0x080009fb   0x080009fb   0x00000001   PAD
    0x080009fc   0x080009fc   0x00000020   Data   RO         1566    Region$$Table       anon$$obj.o


    Execution Region RW_IRAM1 (Exec base: 0x20000000, Load base: 0x08000a1c, Size: 0x00000418, Max: 0x00005000, ABSOLUTE)

    Exec Addr    Load Addr    Size         Type   Attr      Idx    E Section Name        Object

    0x20000000   0x08000a1c   0x00000010   Data   RW          350    .data               mytimer.o
    0x20000010   0x08000a2c   0x00000004   Data   RW         1498    .data               system_stm32f1xx.o
    0x20000014   0x08000a30   0x00000004   PAD
    0x20000018        -       0x00000400   Zero   RW         1529    STACK               startup_stm32f103xb.o


==============================================================================

Image component sizes


      Code (inc. data)   RO Data    RW Data    ZI Data      Debug   Object Name

        12          4          0          0          0      24451   girouette.o
       252         14          0          0          0     355168   main.o
        22          0          0          0          0        426   moteurplateau.o
       172         24          0          0          0       9315   mygpio.o
       628         64         35         16          0      33123   mytimer.o
        34          6          0          0          0        830   rxfm.o
        64         12          0          0          0      24587   servo.o
        36          8        236          0       1024        740   startup_stm32f103xb.o
       288          0          0          0          0      10187   stm32f1xx_ll_gpio.o
       132         14          0          0          0      28798   stm32f1xx_ll_tim.o
        12          6          0          0          0        480   stm32f1xx_ll_utils.o
        88         18          0          4          0       1047   system_stm32f1xx.o

    ----------------------------------------------------------------------
      1742        170        304         20       1028     489152   Object Totals
         0          0         32          0          0          0   (incl. Generated)
         2          0          1          0          4          0   (incl. Padding)

    ----------------------------------------------------------------------

      Code (inc. data)   RO Data    RW Data    ZI Data      Debug   Library Member Name

         0          0          0          0          0          0   entry.o
         0          0          0          0          0          0   entry10a.o
         0          0          0          0          0          0   entry11a.o
         8          4          0          0          0          0   entry2.o
         4          0          0          0          0          0   entry5.o
         0          0          0          0          0          0   entry7b.o
         0          0          0          0          0          0   entry8b.o
         8          4          0          0          0          0   entry9a.o
        30          0          0          0          0          0   handlers.o
        36          8          0          0          0         68   init.o
         0          0          0          0          0          0   iusefp.o
       176          0          0          0          0        140   fadd.o
       110          0          0          0          0        168   fepilogue.o
        50          0          0          0          0         68   ffixi.o
        18          0          0          0          0         68   fflti.o
       100          0          0          0          0         76   fmul.o

    ----------------------------------------------------------------------
       542         16          0          0          0        588   Library Totals
         2          0          0          0          0          0   (incl. Padding)

    ----------------------------------------------------------------------

      Code (inc. data)   RO Data    RW Data    ZI Data      Debug   Library Name

        86         16          0          0          0         68   mc_w.l
       454          0          0          0          0        520   mf_w.l

    ----------------------------------------------------------------------
       542         16          0          0          0        588   Library Totals

    ----------------------------------------------------------------------

==============================================================================


      Code (inc. data)   RO Data    RW Data    ZI Data      Debug   

      2284        186        304         20       1028     488540   Grand Totals
      2284        186        304         20       1028     488540   ELF Image Totals
      2284        186        304         20          0          0   ROM Totals

==============================================================================

    Total RO  Size (Code + RO Data)                 2588 (   2.53kB)
    Total RW  Size (RW Data + ZI Data)              1048 (   1.02kB)
    Total ROM Size (Code + RO Data + RW Data)       2608 (   2.55kB)

==============================================================================

