<html>
<body>
<pre>
<h1>µVision Build Log</h1>
<h2>Tool Versions:</h2>
IDE-Version: µVision V5.25.2.0
Copyright (C) 2018 ARM Ltd and ARM Germany GmbH. All rights reserved.
License Information: CSN CSN, INSA de Toulouse, LIC=----
 
Tool Versions:
Toolchain:       MDK-Lite  Version: 5.25.2.0
Toolchain Path:  C:\Keil_v5\ARM\ARMCC\Bin
C Compiler:      Armcc.exe V5.06 update 6 (build 750)
Assembler:       Armasm.exe V5.06 update 6 (build 750)
Linker/Locator:  ArmLink.exe V5.06 update 6 (build 750)
Library Manager: ArmAr.exe V5.06 update 6 (build 750)
Hex Converter:   FromElf.exe V5.06 update 6 (build 750)
CPU DLL:         SARMCM3.DLL V5.25.2.0
Dialog DLL:      DARMSTM.DLL V1.68.0.0
Target DLL:      UL2CM3.DLL V1.160.12.0
Dialog DLL:      TARMSTM.DLL V1.66.0.0
 
<h2>Project:</h2>
U:\4A\Keil_voilier2\MDK-ARM\Project.uvprojx
Project File Date:  11/25/2019

<h2>Output:</h2>
*** Using Compiler 'V5.06 update 6 (build 750)', folder: 'C:\Keil_v5\ARM\ARMCC\Bin'
Rebuild target 'NUCLEO-F103RB'
compiling Accelero.c...
compiling CarteElectro.c...
compiling TxFM.c...
compiling RxFM.c...
compiling Chrono.c...
..\Services\Chrono.c(18): warning:  #550-D: variable "Chrono_Timer"  was set but never used
  static TIM_TypeDef * Chrono_Timer=TIM1; // init par défaut au cas où l'utilisateur ne lance pas Chrono_Conf avant toute autre fct.
..\Services\Chrono.c: 1 warning, 0 errors
compiling Servo.c...
compiling main.c...
../Src/main.c(60): warning:  #550-D: variable "val1"  was set but never used
  	int val1 ;
../Src/main.c: 1 warning, 0 errors
compiling MoteurPlateau.c...
compiling Girouette.c...
compiling MyTimer.c...
compiling MyADC.c...
compiling MyGPIO.c...
compiling stm32f1xx_ll_dac.c...
compiling stm32f1xx_ll_crc.c...
compiling stm32f1xx_ll_rcc.c...
compiling stm32f1xx_ll_utils.c...
compiling stm32f1xx_ll_adc.c...
compiling stm32f1xx_ll_exti.c...
compiling stm32f1xx_ll_dma.c...
compiling stm32f1xx_ll_pwr.c...
compiling stm32f1xx_ll_gpio.c...
compiling stm32f1xx_ll_i2c.c...
compiling stm32f1xx_ll_rtc.c...
assembling startup_stm32f103xb.s...
compiling stm32f1xx_ll_spi.c...
compiling stm32f1xx_ll_usart.c...
compiling stm32f1xx_ll_tim.c...
compiling system_stm32f1xx.c...
linking...
Program Size: Code=2284 RO-data=304 RW-data=20 ZI-data=1028  
"NUCLEO-F103RB\NUCLEO-F103RB.axf" - 0 Error(s), 2 Warning(s).

<h2>Software Packages used:</h2>

Package Vendor: ARM
                http://www.keil.com/pack/ARM.CMSIS.5.3.0.pack
                ARM.CMSIS.5.3.0
                CMSIS (Cortex Microcontroller Software Interface Standard)
   * Component: CORE Version: 5.1.1

Package Vendor: Keil
                http://www.keil.com/pack/Keil.STM32F1xx_DFP.2.2.0.pack
                Keil.STM32F1xx_DFP.2.2.0
                STMicroelectronics STM32F1 Series Device Support, Drivers and Examples

<h2>Collection of Component include folders:</h2>
  .\RTE\_NUCLEO-F103RB
  C:\Keil_v5\ARM\PACK\ARM\CMSIS\5.3.0\CMSIS\Include
  C:\Keil_v5\ARM\PACK\Keil\STM32F1xx_DFP\2.2.0\Device\Include

<h2>Collection of Component Files used:</h2>

   * Component: ARM::CMSIS:CORE:5.1.1
Build Time Elapsed:  00:00:10
</pre>
</body>
</html>
